15:58:10 **** Incremental Build of configuration Debug for project stm_itr ****
make -j4 all 
arm-none-eabi-gcc "../Src/main.c" -mcpu=cortex-m3 -std=gnu11 -g3 -DSTM32 -DSTM32F1 -DSTM32F103C6Tx -DDEBUG -c -I../Inc -O0 -ffunction-sections -fdata-sections -Wall -fstack-usage -MMD -MP -MF"Src/main.d" -MT"Src/main.o" --specs=nano.specs -mfloat-abi=soft -mthumb -o "Src/main.o"
arm-none-eabi-gcc -o "stm_itr.elf" @"objects.list"   -mcpu=cortex-m3 -T"D:\embedded system\sections\empedded_system_diploma\unit_6_arch\lesson4\lap2\stm_itr\STM32F103C6TX_FLASH.ld" --specs=nosys.specs -Wl,-Map="stm_itr.map" -Wl,--gc-sections -static --specs=nano.specs -mfloat-abi=soft -mthumb -Wl,--start-group -lc -lm -Wl,--end-group
Finished building target: stm_itr.elf
 
arm-none-eabi-objdump -h -S  stm_itr.elf  > "stm_itr.list"
arm-none-eabi-objcopy  -O binary  stm_itr.elf  "stm_itr.bin"
arm-none-eabi-size   stm_itr.elf 
   text	   data	    bss	    dec	    hex	filename
    756	      8	   1568	   2332	    91c	stm_itr.elf
Finished building: default.size.stdout
 
Finished building: stm_itr.list
Finished building: stm_itr.bin
 
 

15:58:10 Build Finished. 0 errors, 0 warnings. (took 549ms)

