14:58:50 **** Build of configuration Debug for project blink_lid ****
make -j4 all 
arm-none-eabi-gcc -mcpu=cortex-m3 -g3 -c -x assembler-with-cpp -MMD -MP -MF"Startup/startup_stm32f103c6tx.d" -MT"Startup/startup_stm32f103c6tx.o" --specs=nano.specs -mfloat-abi=soft -mthumb -o "Startup/startup_stm32f103c6tx.o" "../Startup/startup_stm32f103c6tx.s"
arm-none-eabi-gcc "../Src/main.c" -mcpu=cortex-m3 -std=gnu11 -g3 -DSTM32 -DSTM32F1 -DSTM32F103C6Tx -DDEBUG -c -I../Inc -O0 -ffunction-sections -fdata-sections -Wall -fstack-usage -MMD -MP -MF"Src/main.d" -MT"Src/main.o" --specs=nano.specs -mfloat-abi=soft -mthumb -o "Src/main.o"
arm-none-eabi-gcc "../Src/syscalls.c" -mcpu=cortex-m3 -std=gnu11 -g3 -DSTM32 -DSTM32F1 -DSTM32F103C6Tx -DDEBUG -c -I../Inc -O0 -ffunction-sections -fdata-sections -Wall -fstack-usage -MMD -MP -MF"Src/syscalls.d" -MT"Src/syscalls.o" --specs=nano.specs -mfloat-abi=soft -mthumb -o "Src/syscalls.o"
arm-none-eabi-gcc "../Src/sysmem.c" -mcpu=cortex-m3 -std=gnu11 -g3 -DSTM32 -DSTM32F1 -DSTM32F103C6Tx -DDEBUG -c -I../Inc -O0 -ffunction-sections -fdata-sections -Wall -fstack-usage -MMD -MP -MF"Src/sysmem.d" -MT"Src/sysmem.o" --specs=nano.specs -mfloat-abi=soft -mthumb -o "Src/sysmem.o"
../Src/main.c:20:10: fatal error: platform_type.h: No such file or directory
 #include <platform_type.h>
          ^~~~~~~~~~~~~~~~~
compilation terminated.
make: *** [Src/subdir.mk:24: Src/main.o] Error 1
make: *** Waiting for unfinished jobs....
"make -j4 all" terminated with exit code 2. Build might be incomplete.
14:59:09 **** Incremental Build of configuration Debug for project blink_lid ****
make -j4 all 
arm-none-eabi-gcc "../Src/main.c" -mcpu=cortex-m3 -std=gnu11 -g3 -DSTM32 -DSTM32F1 -DSTM32F103C6Tx -DDEBUG -c -I../Inc -O0 -ffunction-sections -fdata-sections -Wall -fstack-usage -MMD -MP -MF"Src/main.d" -MT"Src/main.o" --specs=nano.specs -mfloat-abi=soft -mthumb -o "Src/main.o"
../Src/main.c:20:10: fatal error: platform_type.h: No such file or directory
 #include <platform_type.h>
          ^~~~~~~~~~~~~~~~~
compilation terminated.
make: *** [Src/subdir.mk:24: Src/main.o] Error 1
"make -j4 all" terminated with exit code 2. Build might be incomplete.
15:24:27 **** Build of configuration Debug for project blink_lid ****
make -j4 all 
arm-none-eabi-gcc "../Src/main.c" -mcpu=cortex-m3 -std=gnu11 -g3 -DSTM32 -DSTM32F1 -DSTM32F103C6Tx -DDEBUG -c -I../Inc -O0 -ffunction-sections -fdata-sections -Wall -fstack-usage -MMD -MP -MF"Src/main.d" -MT"Src/main.o" --specs=nano.specs -mfloat-abi=soft -mthumb -o "Src/main.o"
../Src/main.c: In function 'main':
../Src/main.c:27:9: warning: unused variable 'x' [-Wunused-variable]
  vuint8 x = 5;
         ^
arm-none-eabi-gcc -o "blink_lid.elf" @"objects.list"   -mcpu=cortex-m3 -T"D:\embedded system\sections\empedded_system_diploma\unit_3_embedded_c\lesson_1\blink lid\blink_lid\STM32F103C6TX_FLASH.ld" --specs=nosys.specs -Wl,-Map="blink_lid.map" -Wl,--gc-sections -static --specs=nano.specs -mfloat-abi=soft -mthumb -Wl,--start-group -lc -lm -Wl,--end-group
Finished building target: blink_lid.elf
 
arm-none-eabi-size   blink_lid.elf 
arm-none-eabi-objdump -h -S  blink_lid.elf  > "blink_lid.list"
arm-none-eabi-objcopy  -O binary  blink_lid.elf  "blink_lid.bin"
   text	   data	    bss	    dec	    hex	filename
    560	      8	   1568	   2136	    858	blink_lid.elf
Finished building: default.size.stdout
 
Finished building: blink_lid.bin
Finished building: blink_lid.list
 
 
15:26:05 **** Incremental Build of configuration Debug for project blink_lid ****
make -j4 all 
arm-none-eabi-gcc "../Src/main.c" -mcpu=cortex-m3 -std=gnu11 -g3 -DSTM32 -DSTM32F1 -DSTM32F103C6Tx -DDEBUG -c -I../Inc -O0 -ffunction-sections -fdata-sections -Wall -fstack-usage -MMD -MP -MF"Src/main.d" -MT"Src/main.o" --specs=nano.specs -mfloat-abi=soft -mthumb -o "Src/main.o"
arm-none-eabi-gcc -o "blink_lid.elf" @"objects.list"   -mcpu=cortex-m3 -T"D:\embedded system\sections\empedded_system_diploma\unit_3_embedded_c\lesson_1\blink lid\blink_lid\STM32F103C6TX_FLASH.ld" --specs=nosys.specs -Wl,-Map="blink_lid.map" -Wl,--gc-sections -static --specs=nano.specs -mfloat-abi=soft -mthumb -Wl,--start-group -lc -lm -Wl,--end-group
Finished building target: blink_lid.elf
 
arm-none-eabi-objdump -h -S  blink_lid.elf  > "blink_lid.list"
arm-none-eabi-objcopy  -O binary  blink_lid.elf  "blink_lid.bin"
arm-none-eabi-size   blink_lid.elf 
   text	   data	    bss	    dec	    hex	filename
    556	      8	   1568	   2132	    854	blink_lid.elf
Finished building: default.size.stdout
 
Finished building: blink_lid.bin
Finished building: blink_lid.list
 
 
15:47:08 **** Build of configuration Debug for project blink_lid ****
make -j4 all 
arm-none-eabi-size   blink_lid.elf 
   text	   data	    bss	    dec	    hex	filename
    556	      8	   1568	   2132	    854	blink_lid.elf
Finished building: default.size.stdout
 
16:16:41 **** Build of configuration Debug for project blink_lid ****
make -j4 all 
arm-none-eabi-size   blink_lid.elf 
   text	   data	    bss	    dec	    hex	filename
    556	      8	   1568	   2132	    854	blink_lid.elf
Finished building: default.size.stdout
 
16:18:05 **** Incremental Build of configuration Debug for project blink_lid ****
make -j4 all 
arm-none-eabi-gcc "../Src/main.c" -mcpu=cortex-m3 -std=gnu11 -g3 -DSTM32 -DSTM32F1 -DSTM32F103C6Tx -DDEBUG -c -I../Inc -O0 -ffunction-sections -fdata-sections -Wall -fstack-usage -MMD -MP -MF"Src/main.d" -MT"Src/main.o" --specs=nano.specs -mfloat-abi=soft -mthumb -o "Src/main.o"
arm-none-eabi-gcc -o "blink_lid.elf" @"objects.list"   -mcpu=cortex-m3 -T"D:\embedded system\sections\empedded_system_diploma\unit_3_embedded_c\lesson_1\blink lid\blink_lid\STM32F103C6TX_FLASH.ld" --specs=nosys.specs -Wl,-Map="blink_lid.map" -Wl,--gc-sections -static --specs=nano.specs -mfloat-abi=soft -mthumb -Wl,--start-group -lc -lm -Wl,--end-group
Finished building target: blink_lid.elf
 
arm-none-eabi-objdump -h -S  blink_lid.elf  > "blink_lid.list"
arm-none-eabi-objcopy  -O binary  blink_lid.elf  "blink_lid.bin"
arm-none-eabi-size   blink_lid.elf 
   text	   data	    bss	    dec	    hex	filename
    564	      8	   1568	   2140	    85c	blink_lid.elf
Finished building: default.size.stdout
 
Finished building: blink_lid.list
 
Finished building: blink_lid.bin
 
16:20:02 **** Incremental Build of configuration Debug for project blink_lid ****
make -j4 all 
arm-none-eabi-gcc "../Src/main.c" -mcpu=cortex-m3 -std=gnu11 -g3 -DSTM32 -DSTM32F1 -DSTM32F103C6Tx -DDEBUG -c -I../Inc -O0 -ffunction-sections -fdata-sections -Wall -fstack-usage -MMD -MP -MF"Src/main.d" -MT"Src/main.o" --specs=nano.specs -mfloat-abi=soft -mthumb -o "Src/main.o"
arm-none-eabi-gcc -o "blink_lid.elf" @"objects.list"   -mcpu=cortex-m3 -T"D:\embedded system\sections\empedded_system_diploma\unit_3_embedded_c\lesson_1\blink lid\blink_lid\STM32F103C6TX_FLASH.ld" --specs=nosys.specs -Wl,-Map="blink_lid.map" -Wl,--gc-sections -static --specs=nano.specs -mfloat-abi=soft -mthumb -Wl,--start-group -lc -lm -Wl,--end-group
Finished building target: blink_lid.elf
 
arm-none-eabi-objdump -h -S  blink_lid.elf  > "blink_lid.list"
arm-none-eabi-objcopy  -O binary  blink_lid.elf  "blink_lid.bin"
arm-none-eabi-size   blink_lid.elf 
   text	   data	    bss	    dec	    hex	filename
    564	      8	   1568	   2140	    85c	blink_lid.elf
Finished building: default.size.stdout
 
Finished building: blink_lid.bin
Finished building: blink_lid.list
 
 
16:26:42 **** Incremental Build of configuration Debug for project blink_lid ****
make -j4 all 
arm-none-eabi-gcc "../Src/main.c" -mcpu=cortex-m3 -std=gnu11 -g3 -DSTM32 -DSTM32F1 -DSTM32F103C6Tx -DDEBUG -c -I../Inc -O0 -ffunction-sections -fdata-sections -Wall -fstack-usage -MMD -MP -MF"Src/main.d" -MT"Src/main.o" --specs=nano.specs -mfloat-abi=soft -mthumb -o "Src/main.o"
arm-none-eabi-gcc -o "blink_lid.elf" @"objects.list"   -mcpu=cortex-m3 -T"D:\embedded system\sections\empedded_system_diploma\unit_3_embedded_c\lesson_1\blink lid\blink_lid\STM32F103C6TX_FLASH.ld" --specs=nosys.specs -Wl,-Map="blink_lid.map" -Wl,--gc-sections -static --specs=nano.specs -mfloat-abi=soft -mthumb -Wl,--start-group -lc -lm -Wl,--end-group
Finished building target: blink_lid.elf
 
arm-none-eabi-objdump -h -S  blink_lid.elf  > "blink_lid.list"
arm-none-eabi-objcopy  -O binary  blink_lid.elf  "blink_lid.bin"
arm-none-eabi-size   blink_lid.elf 
   text	   data	    bss	    dec	    hex	filename
    596	      8	   1568	   2172	    87c	blink_lid.elf
Finished building: default.size.stdout
 
Finished building: blink_lid.list
Finished building: blink_lid.bin
 
 
16:31:36 **** Incremental Build of configuration Debug for project blink_lid ****
make -j4 all 
arm-none-eabi-gcc "../Src/main.c" -mcpu=cortex-m3 -std=gnu11 -g3 -DSTM32 -DSTM32F1 -DSTM32F103C6Tx -DDEBUG -c -I../Inc -O0 -ffunction-sections -fdata-sections -Wall -fstack-usage -MMD -MP -MF"Src/main.d" -MT"Src/main.o" --specs=nano.specs -mfloat-abi=soft -mthumb -o "Src/main.o"
../Src/main.c: In function 'main':
../Src/main.c:38:7: error: 'i' undeclared (first use in this function)
   for(i=0;i<5000;i++);
       ^
../Src/main.c:38:7: note: each undeclared identifier is reported only once for each function it appears in
../Src/main.c:41:2: error: expected declaration or statement at end of input
  }
  ^
make: *** [Src/subdir.mk:24: Src/main.o] Error 1
"make -j4 all" terminated with exit code 2. Build might be incomplete.
16:32:03 **** Incremental Build of configuration Debug for project blink_lid ****
make -j4 all 
arm-none-eabi-gcc "../Src/main.c" -mcpu=cortex-m3 -std=gnu11 -g3 -DSTM32 -DSTM32F1 -DSTM32F103C6Tx -DDEBUG -c -I../Inc -O0 -ffunction-sections -fdata-sections -Wall -fstack-usage -MMD -MP -MF"Src/main.d" -MT"Src/main.o" --specs=nano.specs -mfloat-abi=soft -mthumb -o "Src/main.o"
../Src/main.c: In function 'main':
../Src/main.c:41:2: error: expected declaration or statement at end of input
  }
  ^
make: *** [Src/subdir.mk:24: Src/main.o] Error 1
"make -j4 all" terminated with exit code 2. Build might be incomplete.
16:32:26 **** Incremental Build of configuration Debug for project blink_lid ****
make -j4 all 
arm-none-eabi-gcc "../Src/main.c" -mcpu=cortex-m3 -std=gnu11 -g3 -DSTM32 -DSTM32F1 -DSTM32F103C6Tx -DDEBUG -c -I../Inc -O0 -ffunction-sections -fdata-sections -Wall -fstack-usage -MMD -MP -MF"Src/main.d" -MT"Src/main.o" --specs=nano.specs -mfloat-abi=soft -mthumb -o "Src/main.o"
arm-none-eabi-gcc -o "blink_lid.elf" @"objects.list"   -mcpu=cortex-m3 -T"D:\embedded system\sections\empedded_system_diploma\unit_3_embedded_c\lesson_1\blink lid\blink_lid\STM32F103C6TX_FLASH.ld" --specs=nosys.specs -Wl,-Map="blink_lid.map" -Wl,--gc-sections -static --specs=nano.specs -mfloat-abi=soft -mthumb -Wl,--start-group -lc -lm -Wl,--end-group
Finished building target: blink_lid.elf
 
arm-none-eabi-objdump -h -S  blink_lid.elf  > "blink_lid.list"
arm-none-eabi-objcopy  -O binary  blink_lid.elf  "blink_lid.bin"
arm-none-eabi-size   blink_lid.elf 
   text	   data	    bss	    dec	    hex	filename
    672	      8	   1568	   2248	    8c8	blink_lid.elf
Finished building: default.size.stdout
Finished building: blink_lid.bin
 
 
Finished building: blink_lid.list
 
16:48:53 **** Build of configuration Debug for project blink_lid ****
make -j4 all 
arm-none-eabi-size   blink_lid.elf 
   text	   data	    bss	    dec	    hex	filename
    672	      8	   1568	   2248	    8c8	blink_lid.elf
Finished building: default.size.stdout
 
16:52:34 **** Build of configuration Debug for project blink_lid ****
make -j4 all 
arm-none-eabi-size   blink_lid.elf 
arm-none-eabi-objcopy  -O ihex  blink_lid.elf  "blink_lid.hex"
   text	   data	    bss	    dec	    hex	filename
    672	      8	   1568	   2248	    8c8	blink_lid.elf
Finished building: default.size.stdout
 
Finished building: blink_lid.hex
 
