00:10:26 **** Incremental Build of configuration Debug for project plink ****
make -j4 all 
arm-none-eabi-gcc "../Src/main.c" -mcpu=cortex-m3 -std=gnu11 -g3 -DSTM32 -DSTM32F1 -DSTM32F103C6Tx -DDEBUG -c -I../Inc -O0 -ffunction-sections -fdata-sections -Wall -fstack-usage -MMD -MP -MF"Src/main.d" -MT"Src/main.o" --specs=nano.specs -mfloat-abi=soft -mthumb -o "Src/main.o"
arm-none-eabi-gcc -o "plink.elf" @"objects.list"   -mcpu=cortex-m3 -T"D:\embedded system\sections\empedded_system_diploma\unit_3_embedded_c\lesson_1\blink lid\plink\STM32F103C6TX_FLASH.ld" --specs=nosys.specs -Wl,-Map="plink.map" -Wl,--gc-sections -static --specs=nano.specs -mfloat-abi=soft -mthumb -Wl,--start-group -lc -lm -Wl,--end-group
Finished building target: plink.elf
 
arm-none-eabi-objdump -h -S  plink.elf  > "plink.list"
arm-none-eabi-objcopy  -O binary  plink.elf  "plink.bin"
arm-none-eabi-size   plink.elf 
   text	   data	    bss	    dec	    hex	filename
    672	     12	   1564	   2248	    8c8	plink.elf
Finished building: default.size.stdout
 
Finished building: plink.list
Finished building: plink.bin
 
 

00:10:27 Build Finished. 0 errors, 0 warnings. (took 1s.265ms)

