09:50:57 **** Incremental Build of configuration Debug for project gpio ****
make -j4 all 
arm-none-eabi-gcc "../Src/main.c" -mcpu=cortex-m3 -std=gnu11 -g3 -DSTM32 -DSTM32F1 -DSTM32F103C6Tx -DDEBUG -c -I../Inc -O0 -ffunction-sections -fdata-sections -Wall -fstack-usage -MMD -MP -MF"Src/main.d" -MT"Src/main.o" --specs=nano.specs -mfloat-abi=soft -mthumb -o "Src/main.o"
arm-none-eabi-gcc -o "gpio.elf" @"objects.list"   -mcpu=cortex-m3 -T"D:\embedded system\sections\empedded_system_diploma\unit_7\lesson1\gpio\STM32F103C6TX_FLASH.ld" --specs=nosys.specs -Wl,-Map="gpio.map" -Wl,--gc-sections -static --specs=nano.specs -mfloat-abi=soft -mthumb -Wl,--start-group -lc -lm -Wl,--end-group
Finished building target: gpio.elf
 
arm-none-eabi-objcopy  -O ihex  gpio.elf  "gpio.hex"
arm-none-eabi-size   gpio.elf 
   text	   data	    bss	    dec	    hex	filename
    752	      8	   1568	   2328	    918	gpio.elf
Finished building: default.size.stdout
 
Finished building: gpio.hex
 
