17:53:31 **** Incremental Build of configuration Debug for project stm32f103c6 ****
make -j4 all 
arm-none-eabi-gcc "../Src/main.c" -mcpu=cortex-m3 -std=gnu11 -g3 -DSTM32 -DSTM32F1 -DSTM32F103C6Tx -DDEBUG -c -I../Inc -I"D:/embedded system/sections/empedded_system_diploma/unit_8/uart/stm32f103c6/stm32f103x6_drivers/inc" -I"D:/embedded system/sections/empedded_system_diploma/unit_8/uart/stm32f103c6/stm32f103x6_drivers/inc" -O0 -ffunction-sections -fdata-sections -Wall -fstack-usage -MMD -MP -MF"Src/main.d" -MT"Src/main.o" --specs=nano.specs -mfloat-abi=soft -mthumb -o "Src/main.o"
In file included from ../Src/main.c:22:0:
D:/embedded system/sections/empedded_system_diploma/unit_8/uart/stm32f103c6/stm32f103x6_drivers/inc/gpio_driver.h:48:1: warning: "/*" within comment [-Wcomment]
 /*@ref GPIO_MODE_define
  
D:/embedded system/sections/empedded_system_diploma/unit_8/uart/stm32f103c6/stm32f103x6_drivers/inc/gpio_driver.h:69:1: warning: "/*" within comment [-Wcomment]
 /*@ref GPIO_SPEED_define
  
In file included from ../Src/main.c:23:0:
../Src/../stm32f103x6_drivers/gpio_driver.c: In function 'pos':
../Src/../stm32f103x6_drivers/gpio_driver.c:67:1: warning: control reaches end of non-void function [-Wreturn-type]
 }
 ^
arm-none-eabi-gcc -o "stm32f103c6.elf" @"objects.list"   -mcpu=cortex-m3 -T"D:\embedded system\sections\empedded_system_diploma\unit_8\uart\stm32f103c6\STM32F103C6TX_FLASH.ld" --specs=nosys.specs -Wl,-Map="stm32f103c6.map" -Wl,--gc-sections -static --specs=nano.specs -mfloat-abi=soft -mthumb -Wl,--start-group -lc -lm -Wl,--end-group
Finished building target: stm32f103c6.elf
 
arm-none-eabi-size   stm32f103c6.elf 
arm-none-eabi-objdump -h -S  stm32f103c6.elf  > "stm32f103c6.list"
arm-none-eabi-objcopy  -O ihex  stm32f103c6.elf  "stm32f103c6.hex"
   text	   data	    bss	    dec	    hex	filename
   1144	      8	   1568	   2720	    aa0	stm32f103c6.elf
arm-none-eabi-objcopy  -O binary  stm32f103c6.elf  "stm32f103c6.bin"
Finished building: default.size.stdout
 
Finished building: stm32f103c6.bin
Finished building: stm32f103c6.hex
Finished building: stm32f103c6.list
 
 
 

17:53:32 Build Finished. 0 errors, 3 warnings. (took 627ms)

